export const snapshot = {};

snapshot[`puzzle_4_4 1`] = `
{
  cells: [
    {
      answerCnadidatesMut: [
        7,
      ],
      answerMut: 7,
      groups: [
        "v0",
        "h0",
        "b00",
      ],
      pos: [
        0,
        0,
      ],
    },
    {
      answerCnadidatesMut: [
        0,
      ],
      answerMut: 0,
      groups: [
        "v1",
        "h0",
        "b00",
      ],
      pos: [
        1,
        0,
      ],
    },
    {
      answerCnadidatesMut: [
        13,
      ],
      answerMut: 13,
      groups: [
        "v2",
        "h0",
        "b00",
      ],
      pos: [
        2,
        0,
      ],
    },
    {
      answerCnadidatesMut: [
        1,
        10,
        11,
        15,
      ],
      answerMut: undefined,
      groups: [
        "v3",
        "h0",
        "b00",
      ],
      pos: [
        3,
        0,
      ],
    },
    {
      answerCnadidatesMut: [
        14,
      ],
      answerMut: 14,
      groups: [
        "v4",
        "h0",
        "b10",
      ],
      pos: [
        4,
        0,
      ],
    },
    {
      answerCnadidatesMut: [
        1,
        6,
        8,
        10,
        11,
        12,
        15,
      ],
      answerMut: undefined,
      groups: [
        "v5",
        "h0",
        "b10",
      ],
      pos: [
        5,
        0,
      ],
    },
    {
      answerCnadidatesMut: [
        1,
        6,
        8,
        10,
        11,
        12,
      ],
      answerMut: undefined,
      groups: [
        "v6",
        "h0",
        "b10",
      ],
      pos: [
        6,
        0,
      ],
    },
    {
      answerCnadidatesMut: [
        1,
        11,
        15,
      ],
      answerMut: undefined,
      groups: [
        "v7",
        "h0",
        "b10",
      ],
      pos: [
        7,
        0,
      ],
    },
    {
      answerCnadidatesMut: [
        1,
        3,
        6,
        8,
        9,
        12,
        15,
      ],
      answerMut: undefined,
      groups: [
        "v8",
        "h0",
        "b20",
      ],
      pos: [
        8,
        0,
      ],
    },
    {
      answerCnadidatesMut: [
        6,
        8,
        9,
        11,
        15,
      ],
      answerMut: undefined,
      groups: [
        "v9",
        "h0",
        "b20",
      ],
      pos: [
        9,
        0,
      ],
    },
    {
      answerCnadidatesMut: [
        1,
        3,
        9,
        10,
        11,
        12,
      ],
      answerMut: undefined,
      groups: [
        "v10",
        "h0",
        "b20",
      ],
      pos: [
        10,
        0,
      ],
    },
    {
      answerCnadidatesMut: [
        4,
      ],
      answerMut: 4,
      groups: [
        "v11",
        "h0",
        "b20",
      ],
      pos: [
        11,
        0,
      ],
    },
    {
      answerCnadidatesMut: [
        5,
      ],
      answerMut: 5,
      groups: [
        "v12",
        "h0",
        "b30",
      ],
      pos: [
        12,
        0,
      ],
    },
    {
      answerCnadidatesMut: [
        2,
      ],
      answerMut: 2,
      groups: [
        "v13",
        "h0",
        "b30",
      ],
      pos: [
        13,
        0,
      ],
    },
    {
      answerCnadidatesMut: [
        6,
        8,
        9,
        10,
        12,
      ],
      answerMut: undefined,
      groups: [
        "v14",
        "h0",
        "b30",
      ],
      pos: [
        14,
        0,
      ],
    },
    {
      answerCnadidatesMut: [
        8,
        9,
        12,
        15,
      ],
      answerMut: undefined,
      groups: [
        "v15",
        "h0",
        "b30",
      ],
      pos: [
        15,
        0,
      ],
    },
    {
      answerCnadidatesMut: [
        4,
        5,
        10,
        14,
      ],
      answerMut: undefined,
      groups: [
        "v0",
        "h1",
        "b00",
      ],
      pos: [
        0,
        1,
      ],
    },
    {
      answerCnadidatesMut: [
        8,
      ],
      answerMut: 8,
      groups: [
        "v1",
        "h1",
        "b00",
      ],
      pos: [
        1,
        1,
      ],
    },
    {
      answerCnadidatesMut: [
        4,
        5,
        14,
        15,
      ],
      answerMut: undefined,
      groups: [
        "v2",
        "h1",
        "b00",
      ],
      pos: [
        2,
        1,
      ],
    },
    {
      answerCnadidatesMut: [
        12,
      ],
      answerMut: 12,
      groups: [
        "v3",
        "h1",
        "b00",
      ],
      pos: [
        3,
        1,
      ],
    },
    {
      answerCnadidatesMut: [
        0,
        1,
        4,
        6,
        10,
        11,
        15,
      ],
      answerMut: undefined,
      groups: [
        "v4",
        "h1",
        "b10",
      ],
      pos: [
        4,
        1,
      ],
    },
    {
      answerCnadidatesMut: [
        9,
      ],
      answerMut: 9,
      groups: [
        "v5",
        "h1",
        "b10",
      ],
      pos: [
        5,
        1,
      ],
    },
    {
      answerCnadidatesMut: [
        7,
      ],
      answerMut: 7,
      groups: [
        "v6",
        "h1",
        "b10",
      ],
      pos: [
        6,
        1,
      ],
    },
    {
      answerCnadidatesMut: [
        2,
      ],
      answerMut: 2,
      groups: [
        "v7",
        "h1",
        "b10",
      ],
      pos: [
        7,
        1,
      ],
    },
    {
      answerCnadidatesMut: [
        0,
        1,
        6,
        14,
        15,
      ],
      answerMut: undefined,
      groups: [
        "v8",
        "h1",
        "b20",
      ],
      pos: [
        8,
        1,
      ],
    },
    {
      answerCnadidatesMut: [
        0,
        6,
        11,
        14,
        15,
      ],
      answerMut: undefined,
      groups: [
        "v9",
        "h1",
        "b20",
      ],
      pos: [
        9,
        1,
      ],
    },
    {
      answerCnadidatesMut: [
        13,
      ],
      answerMut: 13,
      groups: [
        "v10",
        "h1",
        "b20",
      ],
      pos: [
        10,
        1,
      ],
    },
    {
      answerCnadidatesMut: [
        0,
        1,
        6,
        10,
        11,
        14,
        15,
      ],
      answerMut: undefined,
      groups: [
        "v11",
        "h1",
        "b20",
      ],
      pos: [
        11,
        1,
      ],
    },
    {
      answerCnadidatesMut: [
        0,
        4,
        6,
        10,
        14,
        15,
      ],
      answerMut: undefined,
      groups: [
        "v12",
        "h1",
        "b30",
      ],
      pos: [
        12,
        1,
      ],
    },
    {
      answerCnadidatesMut: [
        4,
        6,
        10,
        15,
      ],
      answerMut: undefined,
      groups: [
        "v13",
        "h1",
        "b30",
      ],
      pos: [
        13,
        1,
      ],
    },
    {
      answerCnadidatesMut: [
        3,
      ],
      answerMut: 3,
      groups: [
        "v14",
        "h1",
        "b30",
      ],
      pos: [
        14,
        1,
      ],
    },
    {
      answerCnadidatesMut: [
        0,
        15,
      ],
      answerMut: undefined,
      groups: [
        "v15",
        "h1",
        "b30",
      ],
      pos: [
        15,
        1,
      ],
    },
    {
      answerCnadidatesMut: [
        4,
        10,
        14,
      ],
      answerMut: undefined,
      groups: [
        "v0",
        "h2",
        "b00",
      ],
      pos: [
        0,
        2,
      ],
    },
    {
      answerCnadidatesMut: [
        1,
        2,
        3,
        4,
        11,
        14,
        15,
      ],
      answerMut: undefined,
      groups: [
        "v1",
        "h2",
        "b00",
      ],
      pos: [
        1,
        2,
      ],
    },
    {
      answerCnadidatesMut: [
        3,
        4,
        14,
        15,
      ],
      answerMut: undefined,
      groups: [
        "v2",
        "h2",
        "b00",
      ],
      pos: [
        2,
        2,
      ],
    },
    {
      answerCnadidatesMut: [
        1,
        4,
        10,
        11,
        14,
        15,
      ],
      answerMut: undefined,
      groups: [
        "v3",
        "h2",
        "b00",
      ],
      pos: [
        3,
        2,
      ],
    },
    {
      answerCnadidatesMut: [
        0,
        1,
        4,
        6,
        10,
        11,
        12,
        15,
      ],
      answerMut: undefined,
      groups: [
        "v4",
        "h2",
        "b10",
      ],
      pos: [
        4,
        2,
      ],
    },
    {
      answerCnadidatesMut: [
        0,
        1,
        4,
        6,
        8,
        10,
        11,
        12,
        13,
        15,
      ],
      answerMut: undefined,
      groups: [
        "v5",
        "h2",
        "b10",
      ],
      pos: [
        5,
        2,
      ],
    },
    {
      answerCnadidatesMut: [
        0,
        1,
        6,
        8,
        10,
        11,
        12,
        13,
      ],
      answerMut: undefined,
      groups: [
        "v6",
        "h2",
        "b10",
      ],
      pos: [
        6,
        2,
      ],
    },
    {
      answerCnadidatesMut: [
        0,
        1,
        11,
        13,
        15,
      ],
      answerMut: undefined,
      groups: [
        "v7",
        "h2",
        "b10",
      ],
      pos: [
        7,
        2,
      ],
    },
    {
      answerCnadidatesMut: [
        0,
        1,
        2,
        3,
        6,
        7,
        8,
        9,
        12,
        14,
        15,
      ],
      answerMut: undefined,
      groups: [
        "v8",
        "h2",
        "b20",
      ],
      pos: [
        8,
        2,
      ],
    },
    {
      answerCnadidatesMut: [
        5,
      ],
      answerMut: 5,
      groups: [
        "v9",
        "h2",
        "b20",
      ],
      pos: [
        9,
        2,
      ],
    },
    {
      answerCnadidatesMut: [
        1,
        2,
        3,
        9,
        10,
        11,
        12,
      ],
      answerMut: undefined,
      groups: [
        "v10",
        "h2",
        "b20",
      ],
      pos: [
        10,
        2,
      ],
    },
    {
      answerCnadidatesMut: [
        0,
        1,
        2,
        3,
        6,
        7,
        8,
        9,
        10,
        11,
        12,
        14,
        15,
      ],
      answerMut: undefined,
      groups: [
        "v11",
        "h2",
        "b20",
      ],
      pos: [
        11,
        2,
      ],
    },
    {
      answerCnadidatesMut: [
        0,
        4,
        6,
        7,
        10,
        12,
        13,
        14,
        15,
      ],
      answerMut: undefined,
      groups: [
        "v12",
        "h2",
        "b30",
      ],
      pos: [
        12,
        2,
      ],
    },
    {
      answerCnadidatesMut: [
        4,
        6,
        10,
        13,
        15,
      ],
      answerMut: undefined,
      groups: [
        "v13",
        "h2",
        "b30",
      ],
      pos: [
        13,
        2,
      ],
    },
    {
      answerCnadidatesMut: [
        0,
        6,
        7,
        8,
        9,
        10,
        12,
        14,
      ],
      answerMut: undefined,
      groups: [
        "v14",
        "h2",
        "b30",
      ],
      pos: [
        14,
        2,
      ],
    },
    {
      answerCnadidatesMut: [
        0,
        7,
        8,
        9,
        12,
        15,
      ],
      answerMut: undefined,
      groups: [
        "v15",
        "h2",
        "b30",
      ],
      pos: [
        15,
        2,
      ],
    },
    {
      answerCnadidatesMut: [
        9,
      ],
      answerMut: 9,
      groups: [
        "v0",
        "h3",
        "b00",
      ],
      pos: [
        0,
        3,
      ],
    },
    {
      answerCnadidatesMut: [
        2,
        4,
        5,
        14,
        15,
      ],
      answerMut: undefined,
      groups: [
        "v1",
        "h3",
        "b00",
      ],
      pos: [
        1,
        3,
      ],
    },
    {
      answerCnadidatesMut: [
        4,
        5,
        14,
        15,
      ],
      answerMut: undefined,
      groups: [
        "v2",
        "h3",
        "b00",
      ],
      pos: [
        2,
        3,
      ],
    },
    {
      answerCnadidatesMut: [
        6,
      ],
      answerMut: 6,
      groups: [
        "v3",
        "h3",
        "b00",
      ],
      pos: [
        3,
        3,
      ],
    },
    {
      answerCnadidatesMut: [
        0,
        4,
        10,
        12,
        15,
      ],
      answerMut: undefined,
      groups: [
        "v4",
        "h3",
        "b10",
      ],
      pos: [
        4,
        3,
      ],
    },
    {
      answerCnadidatesMut: [
        0,
        4,
        5,
        8,
        10,
        12,
        13,
        15,
      ],
      answerMut: undefined,
      groups: [
        "v5",
        "h3",
        "b10",
      ],
      pos: [
        5,
        3,
      ],
    },
    {
      answerCnadidatesMut: [
        3,
      ],
      answerMut: 3,
      groups: [
        "v6",
        "h3",
        "b10",
      ],
      pos: [
        6,
        3,
      ],
    },
    {
      answerCnadidatesMut: [
        0,
        5,
        13,
        15,
      ],
      answerMut: undefined,
      groups: [
        "v7",
        "h3",
        "b10",
      ],
      pos: [
        7,
        3,
      ],
    },
    {
      answerCnadidatesMut: [
        0,
        2,
        7,
        8,
        12,
        14,
        15,
      ],
      answerMut: undefined,
      groups: [
        "v8",
        "h3",
        "b20",
      ],
      pos: [
        8,
        3,
      ],
    },
    {
      answerCnadidatesMut: [
        0,
        2,
        7,
        8,
        14,
        15,
      ],
      answerMut: undefined,
      groups: [
        "v9",
        "h3",
        "b20",
      ],
      pos: [
        9,
        3,
      ],
    },
    {
      answerCnadidatesMut: [
        2,
        10,
        12,
      ],
      answerMut: undefined,
      groups: [
        "v10",
        "h3",
        "b20",
      ],
      pos: [
        10,
        3,
      ],
    },
    {
      answerCnadidatesMut: [
        0,
        2,
        7,
        8,
        10,
        12,
        14,
        15,
      ],
      answerMut: undefined,
      groups: [
        "v11",
        "h3",
        "b20",
      ],
      pos: [
        11,
        3,
      ],
    },
    {
      answerCnadidatesMut: [
        0,
        4,
        7,
        10,
        12,
        13,
        14,
        15,
      ],
      answerMut: undefined,
      groups: [
        "v12",
        "h3",
        "b30",
      ],
      pos: [
        12,
        3,
      ],
    },
    {
      answerCnadidatesMut: [
        1,
      ],
      answerMut: 1,
      groups: [
        "v13",
        "h3",
        "b30",
      ],
      pos: [
        13,
        3,
      ],
    },
    {
      answerCnadidatesMut: [
        11,
      ],
      answerMut: 11,
      groups: [
        "v14",
        "h3",
        "b30",
      ],
      pos: [
        14,
        3,
      ],
    },
    {
      answerCnadidatesMut: [
        0,
        7,
        8,
        12,
        15,
      ],
      answerMut: undefined,
      groups: [
        "v15",
        "h3",
        "b30",
      ],
      pos: [
        15,
        3,
      ],
    },
    {
      answerCnadidatesMut: [
        2,
      ],
      answerMut: 2,
      groups: [
        "v0",
        "h4",
        "b01",
      ],
      pos: [
        0,
        4,
      ],
    },
    {
      answerCnadidatesMut: [
        4,
        6,
        9,
        11,
        14,
        15,
      ],
      answerMut: undefined,
      groups: [
        "v1",
        "h4",
        "b01",
      ],
      pos: [
        1,
        4,
      ],
    },
    {
      answerCnadidatesMut: [
        0,
        4,
        6,
        9,
        12,
        14,
        15,
      ],
      answerMut: undefined,
      groups: [
        "v2",
        "h4",
        "b01",
      ],
      pos: [
        2,
        4,
      ],
    },
    {
      answerCnadidatesMut: [
        0,
        4,
        11,
        13,
        14,
        15,
      ],
      answerMut: undefined,
      groups: [
        "v3",
        "h4",
        "b01",
      ],
      pos: [
        3,
        4,
      ],
    },
    {
      answerCnadidatesMut: [
        0,
        1,
        4,
        6,
        11,
        12,
      ],
      answerMut: undefined,
      groups: [
        "v4",
        "h4",
        "b11",
      ],
      pos: [
        4,
        4,
      ],
    },
    {
      answerCnadidatesMut: [
        0,
        1,
        4,
        6,
        11,
        12,
        13,
      ],
      answerMut: undefined,
      groups: [
        "v5",
        "h4",
        "b11",
      ],
      pos: [
        5,
        4,
      ],
    },
    {
      answerCnadidatesMut: [
        0,
        1,
        6,
        11,
        12,
        13,
      ],
      answerMut: undefined,
      groups: [
        "v6",
        "h4",
        "b11",
      ],
      pos: [
        6,
        4,
      ],
    },
    {
      answerCnadidatesMut: [
        0,
        1,
        11,
        13,
      ],
      answerMut: undefined,
      groups: [
        "v7",
        "h4",
        "b11",
      ],
      pos: [
        7,
        4,
      ],
    },
    {
      answerCnadidatesMut: [
        3,
        4,
        7,
        8,
        9,
        12,
        13,
        14,
        15,
      ],
      answerMut: undefined,
      groups: [
        "v8",
        "h4",
        "b21",
      ],
      pos: [
        8,
        4,
      ],
    },
    {
      answerCnadidatesMut: [
        4,
        7,
        8,
        9,
        11,
        13,
        14,
        15,
      ],
      answerMut: undefined,
      groups: [
        "v9",
        "h4",
        "b21",
      ],
      pos: [
        9,
        4,
      ],
    },
    {
      answerCnadidatesMut: [
        3,
        4,
        9,
        11,
        12,
      ],
      answerMut: undefined,
      groups: [
        "v10",
        "h4",
        "b21",
      ],
      pos: [
        10,
        4,
      ],
    },
    {
      answerCnadidatesMut: [
        5,
      ],
      answerMut: 5,
      groups: [
        "v11",
        "h4",
        "b21",
      ],
      pos: [
        11,
        4,
      ],
    },
    {
      answerCnadidatesMut: [
        0,
        6,
        7,
        11,
        12,
        13,
        15,
      ],
      answerMut: undefined,
      groups: [
        "v12",
        "h4",
        "b31",
      ],
      pos: [
        12,
        4,
      ],
    },
    {
      answerCnadidatesMut: [
        3,
        6,
        11,
        13,
        15,
      ],
      answerMut: undefined,
      groups: [
        "v13",
        "h4",
        "b31",
      ],
      pos: [
        13,
        4,
      ],
    },
    {
      answerCnadidatesMut: [
        0,
        1,
        6,
        7,
        12,
      ],
      answerMut: undefined,
      groups: [
        "v14",
        "h4",
        "b31",
      ],
      pos: [
        14,
        4,
      ],
    },
    {
      answerCnadidatesMut: [
        10,
      ],
      answerMut: 10,
      groups: [
        "v15",
        "h4",
        "b31",
      ],
      pos: [
        15,
        4,
      ],
    },
    {
      answerCnadidatesMut: [
        0,
        4,
        5,
        12,
        13,
      ],
      answerMut: undefined,
      groups: [
        "v0",
        "h5",
        "b01",
      ],
      pos: [
        0,
        5,
      ],
    },
    {
      answerCnadidatesMut: [
        4,
        5,
        11,
        15,
      ],
      answerMut: undefined,
      groups: [
        "v1",
        "h5",
        "b01",
      ],
      pos: [
        1,
        5,
      ],
    },
    {
      answerCnadidatesMut: [
        1,
      ],
      answerMut: 1,
      groups: [
        "v2",
        "h5",
        "b01",
      ],
      pos: [
        2,
        5,
      ],
    },
    {
      answerCnadidatesMut: [
        7,
      ],
      answerMut: 7,
      groups: [
        "v3",
        "h5",
        "b01",
      ],
      pos: [
        3,
        5,
      ],
    },
    {
      answerCnadidatesMut: [
        3,
      ],
      answerMut: 3,
      groups: [
        "v4",
        "h5",
        "b11",
      ],
      pos: [
        4,
        5,
      ],
    },
    {
      answerCnadidatesMut: [
        0,
        4,
        5,
        10,
        11,
        12,
        13,
      ],
      answerMut: undefined,
      groups: [
        "v5",
        "h5",
        "b11",
      ],
      pos: [
        5,
        5,
      ],
    },
    {
      answerCnadidatesMut: [
        0,
        5,
        10,
        11,
        12,
        13,
      ],
      answerMut: undefined,
      groups: [
        "v6",
        "h5",
        "b11",
      ],
      pos: [
        6,
        5,
      ],
    },
    {
      answerCnadidatesMut: [
        8,
      ],
      answerMut: 8,
      groups: [
        "v7",
        "h5",
        "b11",
      ],
      pos: [
        7,
        5,
      ],
    },
    {
      answerCnadidatesMut: [
        2,
        4,
        12,
        13,
        15,
      ],
      answerMut: undefined,
      groups: [
        "v8",
        "h5",
        "b21",
      ],
      pos: [
        8,
        5,
      ],
    },
    {
      answerCnadidatesMut: [
        2,
        4,
        11,
        13,
        15,
      ],
      answerMut: undefined,
      groups: [
        "v9",
        "h5",
        "b21",
      ],
      pos: [
        9,
        5,
      ],
    },
    {
      answerCnadidatesMut: [
        6,
      ],
      answerMut: 6,
      groups: [
        "v10",
        "h5",
        "b21",
      ],
      pos: [
        10,
        5,
      ],
    },
    {
      answerCnadidatesMut: [
        2,
        11,
        12,
        13,
        15,
      ],
      answerMut: undefined,
      groups: [
        "v11",
        "h5",
        "b21",
      ],
      pos: [
        11,
        5,
      ],
    },
    {
      answerCnadidatesMut: [
        9,
      ],
      answerMut: 9,
      groups: [
        "v12",
        "h5",
        "b31",
      ],
      pos: [
        12,
        5,
      ],
    },
    {
      answerCnadidatesMut: [
        14,
      ],
      answerMut: 14,
      groups: [
        "v13",
        "h5",
        "b31",
      ],
      pos: [
        13,
        5,
      ],
    },
    {
      answerCnadidatesMut: [
        0,
        2,
        5,
        12,
      ],
      answerMut: undefined,
      groups: [
        "v14",
        "h5",
        "b31",
      ],
      pos: [
        14,
        5,
      ],
    },
    {
      answerCnadidatesMut: [
        0,
        5,
        11,
        12,
        15,
      ],
      answerMut: undefined,
      groups: [
        "v15",
        "h5",
        "b31",
      ],
      pos: [
        15,
        5,
      ],
    },
    {
      answerCnadidatesMut: [
        5,
        6,
        12,
        13,
      ],
      answerMut: undefined,
      groups: [
        "v0",
        "h6",
        "b01",
      ],
      pos: [
        0,
        6,
      ],
    },
    {
      answerCnadidatesMut: [
        5,
        6,
        9,
        11,
      ],
      answerMut: undefined,
      groups: [
        "v1",
        "h6",
        "b01",
      ],
      pos: [
        1,
        6,
      ],
    },
    {
      answerCnadidatesMut: [
        5,
        6,
        9,
        12,
      ],
      answerMut: undefined,
      groups: [
        "v2",
        "h6",
        "b01",
      ],
      pos: [
        2,
        6,
      ],
    },
    {
      answerCnadidatesMut: [
        3,
      ],
      answerMut: 3,
      groups: [
        "v3",
        "h6",
        "b01",
      ],
      pos: [
        3,
        6,
      ],
    },
    {
      answerCnadidatesMut: [
        1,
        2,
        6,
        11,
        12,
      ],
      answerMut: undefined,
      groups: [
        "v4",
        "h6",
        "b11",
      ],
      pos: [
        4,
        6,
      ],
    },
    {
      answerCnadidatesMut: [
        14,
      ],
      answerMut: 14,
      groups: [
        "v5",
        "h6",
        "b11",
      ],
      pos: [
        5,
        6,
      ],
    },
    {
      answerCnadidatesMut: [
        15,
      ],
      answerMut: 15,
      groups: [
        "v6",
        "h6",
        "b11",
      ],
      pos: [
        6,
        6,
      ],
    },
    {
      answerCnadidatesMut: [
        1,
        5,
        11,
        13,
      ],
      answerMut: undefined,
      groups: [
        "v7",
        "h6",
        "b11",
      ],
      pos: [
        7,
        6,
      ],
    },
    {
      answerCnadidatesMut: [
        2,
        7,
        9,
        12,
        13,
      ],
      answerMut: undefined,
      groups: [
        "v8",
        "h6",
        "b21",
      ],
      pos: [
        8,
        6,
      ],
    },
    {
      answerCnadidatesMut: [
        10,
      ],
      answerMut: 10,
      groups: [
        "v9",
        "h6",
        "b21",
      ],
      pos: [
        9,
        6,
      ],
    },
    {
      answerCnadidatesMut: [
        0,
      ],
      answerMut: 0,
      groups: [
        "v10",
        "h6",
        "b21",
      ],
      pos: [
        10,
        6,
      ],
    },
    {
      answerCnadidatesMut: [
        2,
        7,
        9,
        11,
        12,
        13,
      ],
      answerMut: undefined,
      groups: [
        "v11",
        "h6",
        "b21",
      ],
      pos: [
        11,
        6,
      ],
    },
    {
      answerCnadidatesMut: [
        2,
        6,
        7,
        11,
        12,
        13,
      ],
      answerMut: undefined,
      groups: [
        "v12",
        "h6",
        "b31",
      ],
      pos: [
        12,
        6,
      ],
    },
    {
      answerCnadidatesMut: [
        8,
      ],
      answerMut: 8,
      groups: [
        "v13",
        "h6",
        "b31",
      ],
      pos: [
        13,
        6,
      ],
    },
    {
      answerCnadidatesMut: [
        1,
        2,
        5,
        6,
        7,
        12,
      ],
      answerMut: undefined,
      groups: [
        "v14",
        "h6",
        "b31",
      ],
      pos: [
        14,
        6,
      ],
    },
    {
      answerCnadidatesMut: [
        4,
      ],
      answerMut: 4,
      groups: [
        "v15",
        "h6",
        "b31",
      ],
      pos: [
        15,
        6,
      ],
    },
    {
      answerCnadidatesMut: [
        0,
        4,
        5,
        6,
        12,
        13,
        14,
      ],
      answerMut: undefined,
      groups: [
        "v0",
        "h7",
        "b01",
      ],
      pos: [
        0,
        7,
      ],
    },
    {
      answerCnadidatesMut: [
        4,
        5,
        6,
        11,
        14,
        15,
      ],
      answerMut: undefined,
      groups: [
        "v1",
        "h7",
        "b01",
      ],
      pos: [
        1,
        7,
      ],
    },
    {
      answerCnadidatesMut: [
        10,
      ],
      answerMut: 10,
      groups: [
        "v2",
        "h7",
        "b01",
      ],
      pos: [
        2,
        7,
      ],
    },
    {
      answerCnadidatesMut: [
        8,
      ],
      answerMut: 8,
      groups: [
        "v3",
        "h7",
        "b01",
      ],
      pos: [
        3,
        7,
      ],
    },
    {
      answerCnadidatesMut: [
        7,
      ],
      answerMut: 7,
      groups: [
        "v4",
        "h7",
        "b11",
      ],
      pos: [
        4,
        7,
      ],
    },
    {
      answerCnadidatesMut: [
        0,
        4,
        5,
        6,
        11,
        12,
        13,
      ],
      answerMut: undefined,
      groups: [
        "v5",
        "h7",
        "b11",
      ],
      pos: [
        5,
        7,
      ],
    },
    {
      answerCnadidatesMut: [
        0,
        5,
        6,
        11,
        12,
        13,
      ],
      answerMut: undefined,
      groups: [
        "v6",
        "h7",
        "b11",
      ],
      pos: [
        6,
        7,
      ],
    },
    {
      answerCnadidatesMut: [
        9,
      ],
      answerMut: 9,
      groups: [
        "v7",
        "h7",
        "b11",
      ],
      pos: [
        7,
        7,
      ],
    },
    {
      answerCnadidatesMut: [
        2,
        3,
        4,
        12,
        13,
        14,
        15,
      ],
      answerMut: undefined,
      groups: [
        "v8",
        "h7",
        "b21",
      ],
      pos: [
        8,
        7,
      ],
    },
    {
      answerCnadidatesMut: [
        1,
      ],
      answerMut: 1,
      groups: [
        "v9",
        "h7",
        "b21",
      ],
      pos: [
        9,
        7,
      ],
    },
    {
      answerCnadidatesMut: [
        2,
        3,
        4,
        11,
        12,
      ],
      answerMut: undefined,
      groups: [
        "v10",
        "h7",
        "b21",
      ],
      pos: [
        10,
        7,
      ],
    },
    {
      answerCnadidatesMut: [
        2,
        3,
        11,
        12,
        13,
        14,
        15,
      ],
      answerMut: undefined,
      groups: [
        "v11",
        "h7",
        "b21",
      ],
      pos: [
        11,
        7,
      ],
    },
    {
      answerCnadidatesMut: [
        0,
        2,
        6,
        11,
        12,
        13,
        15,
      ],
      answerMut: undefined,
      groups: [
        "v12",
        "h7",
        "b31",
      ],
      pos: [
        12,
        7,
      ],
    },
    {
      answerCnadidatesMut: [
        3,
        5,
        6,
        11,
        13,
        15,
      ],
      answerMut: undefined,
      groups: [
        "v13",
        "h7",
        "b31",
      ],
      pos: [
        13,
        7,
      ],
    },
    {
      answerCnadidatesMut: [
        0,
        2,
        5,
        6,
        12,
      ],
      answerMut: undefined,
      groups: [
        "v14",
        "h7",
        "b31",
      ],
      pos: [
        14,
        7,
      ],
    },
    {
      answerCnadidatesMut: [
        0,
        3,
        5,
        11,
        12,
        15,
      ],
      answerMut: undefined,
      groups: [
        "v15",
        "h7",
        "b31",
      ],
      pos: [
        15,
        7,
      ],
    },
    {
      answerCnadidatesMut: [
        15,
      ],
      answerMut: 15,
      groups: [
        "v0",
        "h8",
        "b02",
      ],
      pos: [
        0,
        8,
      ],
    },
    {
      answerCnadidatesMut: [
        1,
        6,
        7,
        9,
        14,
      ],
      answerMut: undefined,
      groups: [
        "v1",
        "h8",
        "b02",
      ],
      pos: [
        1,
        8,
      ],
    },
    {
      answerCnadidatesMut: [
        0,
        6,
        7,
        9,
        14,
      ],
      answerMut: undefined,
      groups: [
        "v2",
        "h8",
        "b02",
      ],
      pos: [
        2,
        8,
      ],
    },
    {
      answerCnadidatesMut: [
        0,
        1,
        13,
        14,
      ],
      answerMut: undefined,
      groups: [
        "v3",
        "h8",
        "b02",
      ],
      pos: [
        3,
        8,
      ],
    },
    {
      answerCnadidatesMut: [
        5,
      ],
      answerMut: 5,
      groups: [
        "v4",
        "h8",
        "b12",
      ],
      pos: [
        4,
        8,
      ],
    },
    {
      answerCnadidatesMut: [
        0,
        1,
        3,
        6,
        7,
        10,
        11,
        12,
      ],
      answerMut: undefined,
      groups: [
        "v5",
        "h8",
        "b12",
      ],
      pos: [
        5,
        8,
      ],
    },
    {
      answerCnadidatesMut: [
        0,
        1,
        6,
        9,
        10,
        11,
        12,
        14,
      ],
      answerMut: undefined,
      groups: [
        "v6",
        "h8",
        "b12",
      ],
      pos: [
        6,
        8,
      ],
    },
    {
      answerCnadidatesMut: [
        0,
        1,
        3,
        7,
        11,
        14,
      ],
      answerMut: undefined,
      groups: [
        "v7",
        "h8",
        "b12",
      ],
      pos: [
        7,
        8,
      ],
    },
    {
      answerCnadidatesMut: [
        0,
        1,
        2,
        3,
        6,
        9,
        12,
        13,
        14,
      ],
      answerMut: undefined,
      groups: [
        "v8",
        "h8",
        "b22",
      ],
      pos: [
        8,
        8,
      ],
    },
    {
      answerCnadidatesMut: [
        0,
        2,
        6,
        9,
        13,
        14,
      ],
      answerMut: undefined,
      groups: [
        "v9",
        "h8",
        "b22",
      ],
      pos: [
        9,
        8,
      ],
    },
    {
      answerCnadidatesMut: [
        8,
      ],
      answerMut: 8,
      groups: [
        "v10",
        "h8",
        "b22",
      ],
      pos: [
        10,
        8,
      ],
    },
    {
      answerCnadidatesMut: [
        0,
        1,
        2,
        3,
        6,
        9,
        10,
        12,
        13,
        14,
      ],
      answerMut: undefined,
      groups: [
        "v11",
        "h8",
        "b22",
      ],
      pos: [
        11,
        8,
      ],
    },
    {
      answerCnadidatesMut: [
        0,
        2,
        10,
        11,
        12,
      ],
      answerMut: undefined,
      groups: [
        "v12",
        "h8",
        "b32",
      ],
      pos: [
        12,
        8,
      ],
    },
    {
      answerCnadidatesMut: [
        10,
        11,
      ],
      answerMut: undefined,
      groups: [
        "v13",
        "h8",
        "b32",
      ],
      pos: [
        13,
        8,
      ],
    },
    {
      answerCnadidatesMut: [
        4,
      ],
      answerMut: 4,
      groups: [
        "v14",
        "h8",
        "b32",
      ],
      pos: [
        14,
        8,
      ],
    },
    {
      answerCnadidatesMut: [
        0,
        11,
        12,
      ],
      answerMut: undefined,
      groups: [
        "v15",
        "h8",
        "b32",
      ],
      pos: [
        15,
        8,
      ],
    },
    {
      answerCnadidatesMut: [
        0,
        4,
        5,
        6,
      ],
      answerMut: undefined,
      groups: [
        "v0",
        "h9",
        "b02",
      ],
      pos: [
        0,
        9,
      ],
    },
    {
      answerCnadidatesMut: [
        1,
        4,
        5,
        6,
        7,
      ],
      answerMut: undefined,
      groups: [
        "v1",
        "h9",
        "b02",
      ],
      pos: [
        1,
        9,
      ],
    },
    {
      answerCnadidatesMut: [
        0,
        4,
        5,
        6,
        7,
      ],
      answerMut: undefined,
      groups: [
        "v2",
        "h9",
        "b02",
      ],
      pos: [
        2,
        9,
      ],
    },
    {
      answerCnadidatesMut: [
        2,
      ],
      answerMut: 2,
      groups: [
        "v3",
        "h9",
        "b02",
      ],
      pos: [
        3,
        9,
      ],
    },
    {
      answerCnadidatesMut: [
        13,
      ],
      answerMut: 13,
      groups: [
        "v4",
        "h9",
        "b12",
      ],
      pos: [
        4,
        9,
      ],
    },
    {
      answerCnadidatesMut: [
        0,
        1,
        3,
        6,
        7,
        10,
        11,
        12,
        15,
      ],
      answerMut: undefined,
      groups: [
        "v5",
        "h9",
        "b12",
      ],
      pos: [
        5,
        9,
      ],
    },
    {
      answerCnadidatesMut: [
        0,
        1,
        6,
        10,
        11,
        12,
      ],
      answerMut: undefined,
      groups: [
        "v6",
        "h9",
        "b12",
      ],
      pos: [
        6,
        9,
      ],
    },
    {
      answerCnadidatesMut: [
        0,
        1,
        3,
        7,
        11,
        15,
      ],
      answerMut: undefined,
      groups: [
        "v7",
        "h9",
        "b12",
      ],
      pos: [
        7,
        9,
      ],
    },
    {
      answerCnadidatesMut: [
        0,
        1,
        3,
        4,
        6,
        12,
        15,
      ],
      answerMut: undefined,
      groups: [
        "v8",
        "h9",
        "b22",
      ],
      pos: [
        8,
        9,
      ],
    },
    {
      answerCnadidatesMut: [
        0,
        4,
        6,
        15,
      ],
      answerMut: undefined,
      groups: [
        "v9",
        "h9",
        "b22",
      ],
      pos: [
        9,
        9,
      ],
    },
    {
      answerCnadidatesMut: [
        1,
        3,
        4,
        10,
        12,
      ],
      answerMut: undefined,
      groups: [
        "v10",
        "h9",
        "b22",
      ],
      pos: [
        10,
        9,
      ],
    },
    {
      answerCnadidatesMut: [
        0,
        1,
        3,
        6,
        10,
        12,
        15,
      ],
      answerMut: undefined,
      groups: [
        "v11",
        "h9",
        "b22",
      ],
      pos: [
        11,
        9,
      ],
    },
    {
      answerCnadidatesMut: [
        8,
      ],
      answerMut: 8,
      groups: [
        "v12",
        "h9",
        "b32",
      ],
      pos: [
        12,
        9,
      ],
    },
    {
      answerCnadidatesMut: [
        9,
      ],
      answerMut: 9,
      groups: [
        "v13",
        "h9",
        "b32",
      ],
      pos: [
        13,
        9,
      ],
    },
    {
      answerCnadidatesMut: [
        0,
        5,
        10,
        12,
      ],
      answerMut: undefined,
      groups: [
        "v14",
        "h9",
        "b32",
      ],
      pos: [
        14,
        9,
      ],
    },
    {
      answerCnadidatesMut: [
        14,
      ],
      answerMut: 14,
      groups: [
        "v15",
        "h9",
        "b32",
      ],
      pos: [
        15,
        9,
      ],
    },
    {
      answerCnadidatesMut: [
        11,
      ],
      answerMut: 11,
      groups: [
        "v0",
        "h10",
        "b02",
      ],
      pos: [
        0,
        10,
      ],
    },
    {
      answerCnadidatesMut: [
        10,
      ],
      answerMut: 10,
      groups: [
        "v1",
        "h10",
        "b02",
      ],
      pos: [
        1,
        10,
      ],
    },
    {
      answerCnadidatesMut: [
        0,
        4,
        9,
        14,
      ],
      answerMut: undefined,
      groups: [
        "v2",
        "h10",
        "b02",
      ],
      pos: [
        2,
        10,
      ],
    },
    {
      answerCnadidatesMut: [
        0,
        1,
        4,
        13,
        14,
      ],
      answerMut: undefined,
      groups: [
        "v3",
        "h10",
        "b02",
      ],
      pos: [
        3,
        10,
      ],
    },
    {
      answerCnadidatesMut: [
        0,
        1,
        9,
        12,
      ],
      answerMut: undefined,
      groups: [
        "v4",
        "h10",
        "b12",
      ],
      pos: [
        4,
        10,
      ],
    },
    {
      answerCnadidatesMut: [
        2,
      ],
      answerMut: 2,
      groups: [
        "v5",
        "h10",
        "b12",
      ],
      pos: [
        5,
        10,
      ],
    },
    {
      answerCnadidatesMut: [
        0,
        1,
        8,
        9,
        12,
        14,
      ],
      answerMut: undefined,
      groups: [
        "v6",
        "h10",
        "b12",
      ],
      pos: [
        6,
        10,
      ],
    },
    {
      answerCnadidatesMut: [
        0,
        1,
        14,
      ],
      answerMut: undefined,
      groups: [
        "v7",
        "h10",
        "b12",
      ],
      pos: [
        7,
        10,
      ],
    },
    {
      answerCnadidatesMut: [
        0,
        1,
        4,
        9,
        12,
        13,
        14,
      ],
      answerMut: undefined,
      groups: [
        "v8",
        "h10",
        "b22",
      ],
      pos: [
        8,
        10,
      ],
    },
    {
      answerCnadidatesMut: [
        0,
        4,
        9,
        13,
        14,
      ],
      answerMut: undefined,
      groups: [
        "v9",
        "h10",
        "b22",
      ],
      pos: [
        9,
        10,
      ],
    },
    {
      answerCnadidatesMut: [
        5,
      ],
      answerMut: 5,
      groups: [
        "v10",
        "h10",
        "b22",
      ],
      pos: [
        10,
        10,
      ],
    },
    {
      answerCnadidatesMut: [
        0,
        1,
        9,
        12,
        13,
        14,
      ],
      answerMut: undefined,
      groups: [
        "v11",
        "h10",
        "b22",
      ],
      pos: [
        11,
        10,
      ],
    },
    {
      answerCnadidatesMut: [
        3,
      ],
      answerMut: 3,
      groups: [
        "v12",
        "h10",
        "b32",
      ],
      pos: [
        12,
        10,
      ],
    },
    {
      answerCnadidatesMut: [
        7,
      ],
      answerMut: undefined,
      groups: [
        "v13",
        "h10",
        "b32",
      ],
      pos: [
        13,
        10,
      ],
    },
    {
      answerCnadidatesMut: [
        15,
      ],
      answerMut: 15,
      groups: [
        "v14",
        "h10",
        "b32",
      ],
      pos: [
        14,
        10,
      ],
    },
    {
      answerCnadidatesMut: [
        6,
      ],
      answerMut: 6,
      groups: [
        "v15",
        "h10",
        "b32",
      ],
      pos: [
        15,
        10,
      ],
    },
    {
      answerCnadidatesMut: [
        3,
      ],
      answerMut: 3,
      groups: [
        "v0",
        "h11",
        "b02",
      ],
      pos: [
        0,
        11,
      ],
    },
    {
      answerCnadidatesMut: [
        12,
      ],
      answerMut: 12,
      groups: [
        "v1",
        "h11",
        "b02",
      ],
      pos: [
        1,
        11,
      ],
    },
    {
      answerCnadidatesMut: [
        8,
      ],
      answerMut: 8,
      groups: [
        "v2",
        "h11",
        "b02",
      ],
      pos: [
        2,
        11,
      ],
    },
    {
      answerCnadidatesMut: [
        0,
        5,
        14,
      ],
      answerMut: undefined,
      groups: [
        "v3",
        "h11",
        "b02",
      ],
      pos: [
        3,
        11,
      ],
    },
    {
      answerCnadidatesMut: [
        0,
        6,
        9,
        10,
        15,
      ],
      answerMut: undefined,
      groups: [
        "v4",
        "h11",
        "b12",
      ],
      pos: [
        4,
        11,
      ],
    },
    {
      answerCnadidatesMut: [
        0,
        6,
        10,
        15,
      ],
      answerMut: undefined,
      groups: [
        "v5",
        "h11",
        "b12",
      ],
      pos: [
        5,
        11,
      ],
    },
    {
      answerCnadidatesMut: [
        4,
      ],
      answerMut: 4,
      groups: [
        "v6",
        "h11",
        "b12",
      ],
      pos: [
        6,
        11,
      ],
    },
    {
      answerCnadidatesMut: [
        0,
        14,
        15,
      ],
      answerMut: undefined,
      groups: [
        "v7",
        "h11",
        "b12",
      ],
      pos: [
        7,
        11,
      ],
    },
    {
      answerCnadidatesMut: [
        11,
      ],
      answerMut: 11,
      groups: [
        "v8",
        "h11",
        "b22",
      ],
      pos: [
        8,
        11,
      ],
    },
    {
      answerCnadidatesMut: [
        0,
        2,
        6,
        9,
        14,
        15,
      ],
      answerMut: undefined,
      groups: [
        "v9",
        "h11",
        "b22",
      ],
      pos: [
        9,
        11,
      ],
    },
    {
      answerCnadidatesMut: [
        7,
      ],
      answerMut: 7,
      groups: [
        "v10",
        "h11",
        "b22",
      ],
      pos: [
        10,
        11,
      ],
    },
    {
      answerCnadidatesMut: [
        0,
        2,
        6,
        9,
        10,
        14,
        15,
      ],
      answerMut: undefined,
      groups: [
        "v11",
        "h11",
        "b22",
      ],
      pos: [
        11,
        11,
      ],
    },
    {
      answerCnadidatesMut: [
        0,
        2,
        10,
      ],
      answerMut: undefined,
      groups: [
        "v12",
        "h11",
        "b32",
      ],
      pos: [
        12,
        11,
      ],
    },
    {
      answerCnadidatesMut: [
        5,
        10,
      ],
      answerMut: undefined,
      groups: [
        "v13",
        "h11",
        "b32",
      ],
      pos: [
        13,
        11,
      ],
    },
    {
      answerCnadidatesMut: [
        13,
      ],
      answerMut: 13,
      groups: [
        "v14",
        "h11",
        "b32",
      ],
      pos: [
        14,
        11,
      ],
    },
    {
      answerCnadidatesMut: [
        1,
      ],
      answerMut: 1,
      groups: [
        "v15",
        "h11",
        "b32",
      ],
      pos: [
        15,
        11,
      ],
    },
    {
      answerCnadidatesMut: [
        4,
        5,
        6,
        8,
        10,
        14,
      ],
      answerMut: undefined,
      groups: [
        "v0",
        "h12",
        "b03",
      ],
      pos: [
        0,
        12,
      ],
    },
    {
      answerCnadidatesMut: [
        3,
        4,
        5,
        6,
        7,
        14,
        15,
      ],
      answerMut: undefined,
      groups: [
        "v1",
        "h12",
        "b03",
      ],
      pos: [
        1,
        12,
      ],
    },
    {
      answerCnadidatesMut: [
        3,
        4,
        5,
        6,
        7,
        14,
        15,
      ],
      answerMut: undefined,
      groups: [
        "v2",
        "h12",
        "b03",
      ],
      pos: [
        2,
        12,
      ],
    },
    {
      answerCnadidatesMut: [
        4,
        5,
        10,
        14,
        15,
      ],
      answerMut: undefined,
      groups: [
        "v3",
        "h12",
        "b03",
      ],
      pos: [
        3,
        12,
      ],
    },
    {
      answerCnadidatesMut: [
        1,
        9,
        11,
        15,
      ],
      answerMut: undefined,
      groups: [
        "v4",
        "h12",
        "b13",
      ],
      pos: [
        4,
        12,
      ],
    },
    {
      answerCnadidatesMut: [
        1,
        3,
        5,
        7,
        11,
        15,
      ],
      answerMut: undefined,
      groups: [
        "v5",
        "h12",
        "b13",
      ],
      pos: [
        5,
        12,
      ],
    },
    {
      answerCnadidatesMut: [
        2,
      ],
      answerMut: 2,
      groups: [
        "v6",
        "h12",
        "b13",
      ],
      pos: [
        6,
        12,
      ],
    },
    {
      answerCnadidatesMut: [
        12,
      ],
      answerMut: 12,
      groups: [
        "v7",
        "h12",
        "b13",
      ],
      pos: [
        7,
        12,
      ],
    },
    {
      answerCnadidatesMut: [
        1,
        4,
        5,
        6,
        7,
        8,
        9,
      ],
      answerMut: undefined,
      groups: [
        "v8",
        "h12",
        "b23",
      ],
      pos: [
        8,
        12,
      ],
    },
    {
      answerCnadidatesMut: [
        4,
        6,
        7,
        8,
        9,
        11,
      ],
      answerMut: undefined,
      groups: [
        "v9",
        "h12",
        "b23",
      ],
      pos: [
        9,
        12,
      ],
    },
    {
      answerCnadidatesMut: [
        1,
        4,
        9,
        11,
      ],
      answerMut: undefined,
      groups: [
        "v10",
        "h12",
        "b23",
      ],
      pos: [
        10,
        12,
      ],
    },
    {
      answerCnadidatesMut: [
        1,
        6,
        7,
        8,
        9,
        11,
      ],
      answerMut: undefined,
      groups: [
        "v11",
        "h12",
        "b23",
      ],
      pos: [
        11,
        12,
      ],
    },
    {
      answerCnadidatesMut: [
        4,
        6,
        7,
        10,
        11,
        14,
        15,
      ],
      answerMut: undefined,
      groups: [
        "v12",
        "h12",
        "b33",
      ],
      pos: [
        12,
        12,
      ],
    },
    {
      answerCnadidatesMut: [
        0,
      ],
      answerMut: 0,
      groups: [
        "v13",
        "h12",
        "b33",
      ],
      pos: [
        13,
        12,
      ],
    },
    {
      answerCnadidatesMut: [
        5,
        6,
        7,
        8,
        9,
        10,
        14,
      ],
      answerMut: undefined,
      groups: [
        "v14",
        "h12",
        "b33",
      ],
      pos: [
        14,
        12,
      ],
    },
    {
      answerCnadidatesMut: [
        13,
      ],
      answerMut: 13,
      groups: [
        "v15",
        "h12",
        "b33",
      ],
      pos: [
        15,
        12,
      ],
    },
    {
      answerCnadidatesMut: [
        0,
        4,
        5,
        6,
        8,
        14,
      ],
      answerMut: undefined,
      groups: [
        "v0",
        "h13",
        "b03",
      ],
      pos: [
        0,
        13,
      ],
    },
    {
      answerCnadidatesMut: [
        4,
        5,
        6,
        7,
        14,
        15,
      ],
      answerMut: undefined,
      groups: [
        "v1",
        "h13",
        "b03",
      ],
      pos: [
        1,
        13,
      ],
    },
    {
      answerCnadidatesMut: [
        0,
        4,
        5,
        6,
        7,
        14,
        15,
      ],
      answerMut: undefined,
      groups: [
        "v2",
        "h13",
        "b03",
      ],
      pos: [
        2,
        13,
      ],
    },
    {
      answerCnadidatesMut: [
        0,
        4,
        5,
        14,
        15,
      ],
      answerMut: undefined,
      groups: [
        "v3",
        "h13",
        "b03",
      ],
      pos: [
        3,
        13,
      ],
    },
    {
      answerCnadidatesMut: [
        0,
        9,
        11,
        15,
      ],
      answerMut: undefined,
      groups: [
        "v4",
        "h13",
        "b13",
      ],
      pos: [
        4,
        13,
      ],
    },
    {
      answerCnadidatesMut: [
        0,
        5,
        7,
        11,
        13,
        15,
      ],
      answerMut: undefined,
      groups: [
        "v5",
        "h13",
        "b13",
      ],
      pos: [
        5,
        13,
      ],
    },
    {
      answerCnadidatesMut: [
        0,
        5,
        9,
        11,
        13,
        14,
      ],
      answerMut: undefined,
      groups: [
        "v6",
        "h13",
        "b13",
      ],
      pos: [
        6,
        13,
      ],
    },
    {
      answerCnadidatesMut: [
        10,
      ],
      answerMut: 10,
      groups: [
        "v7",
        "h13",
        "b13",
      ],
      pos: [
        7,
        13,
      ],
    },
    {
      answerCnadidatesMut: [
        0,
        2,
        4,
        5,
        6,
        7,
        8,
        9,
        13,
      ],
      answerMut: undefined,
      groups: [
        "v8",
        "h13",
        "b23",
      ],
      pos: [
        8,
        13,
      ],
    },
    {
      answerCnadidatesMut: [
        3,
      ],
      answerMut: 3,
      groups: [
        "v9",
        "h13",
        "b23",
      ],
      pos: [
        9,
        13,
      ],
    },
    {
      answerCnadidatesMut: [
        2,
        4,
        9,
        11,
      ],
      answerMut: undefined,
      groups: [
        "v10",
        "h13",
        "b23",
      ],
      pos: [
        10,
        13,
      ],
    },
    {
      answerCnadidatesMut: [
        0,
        2,
        6,
        7,
        8,
        9,
        11,
        13,
      ],
      answerMut: undefined,
      groups: [
        "v11",
        "h13",
        "b23",
      ],
      pos: [
        11,
        13,
      ],
    },
    {
      answerCnadidatesMut: [
        1,
      ],
      answerMut: 1,
      groups: [
        "v12",
        "h13",
        "b33",
      ],
      pos: [
        12,
        13,
      ],
    },
    {
      answerCnadidatesMut: [
        12,
      ],
      answerMut: 12,
      groups: [
        "v13",
        "h13",
        "b33",
      ],
      pos: [
        13,
        13,
      ],
    },
    {
      answerCnadidatesMut: [
        5,
        6,
        7,
        8,
        9,
        14,
      ],
      answerMut: undefined,
      groups: [
        "v14",
        "h13",
        "b33",
      ],
      pos: [
        14,
        13,
      ],
    },
    {
      answerCnadidatesMut: [
        5,
        7,
        8,
        9,
        11,
        15,
      ],
      answerMut: undefined,
      groups: [
        "v15",
        "h13",
        "b33",
      ],
      pos: [
        15,
        13,
      ],
    },
    {
      answerCnadidatesMut: [
        0,
        5,
        6,
        8,
        10,
        12,
      ],
      answerMut: undefined,
      groups: [
        "v0",
        "h14",
        "b03",
      ],
      pos: [
        0,
        14,
      ],
    },
    {
      answerCnadidatesMut: [
        3,
        5,
        6,
        7,
        15,
      ],
      answerMut: undefined,
      groups: [
        "v1",
        "h14",
        "b03",
      ],
      pos: [
        1,
        14,
      ],
    },
    {
      answerCnadidatesMut: [
        11,
      ],
      answerMut: 11,
      groups: [
        "v2",
        "h14",
        "b03",
      ],
      pos: [
        2,
        14,
      ],
    },
    {
      answerCnadidatesMut: [
        0,
        5,
        10,
        15,
      ],
      answerMut: undefined,
      groups: [
        "v3",
        "h14",
        "b03",
      ],
      pos: [
        3,
        14,
      ],
    },
    {
      answerCnadidatesMut: [
        0,
        1,
        9,
        15,
      ],
      answerMut: undefined,
      groups: [
        "v4",
        "h14",
        "b13",
      ],
      pos: [
        4,
        14,
      ],
    },
    {
      answerCnadidatesMut: [
        0,
        1,
        3,
        5,
        7,
        13,
        15,
      ],
      answerMut: undefined,
      groups: [
        "v5",
        "h14",
        "b13",
      ],
      pos: [
        5,
        14,
      ],
    },
    {
      answerCnadidatesMut: [
        0,
        1,
        5,
        9,
        13,
      ],
      answerMut: undefined,
      groups: [
        "v6",
        "h14",
        "b13",
      ],
      pos: [
        6,
        14,
      ],
    },
    {
      answerCnadidatesMut: [
        4,
      ],
      answerMut: 4,
      groups: [
        "v7",
        "h14",
        "b13",
      ],
      pos: [
        7,
        14,
      ],
    },
    {
      answerCnadidatesMut: [
        0,
        1,
        5,
        6,
        7,
        8,
        9,
        13,
      ],
      answerMut: undefined,
      groups: [
        "v8",
        "h14",
        "b23",
      ],
      pos: [
        8,
        14,
      ],
    },
    {
      answerCnadidatesMut: [
        0,
        6,
        7,
        8,
        9,
        13,
      ],
      answerMut: undefined,
      groups: [
        "v9",
        "h14",
        "b23",
      ],
      pos: [
        9,
        14,
      ],
    },
    {
      answerCnadidatesMut: [
        14,
      ],
      answerMut: 14,
      groups: [
        "v10",
        "h14",
        "b23",
      ],
      pos: [
        10,
        14,
      ],
    },
    {
      answerCnadidatesMut: [
        0,
        1,
        6,
        7,
        8,
        9,
        13,
      ],
      answerMut: undefined,
      groups: [
        "v11",
        "h14",
        "b23",
      ],
      pos: [
        11,
        14,
      ],
    },
    {
      answerCnadidatesMut: [
        6,
        7,
        10,
        15,
      ],
      answerMut: undefined,
      groups: [
        "v12",
        "h14",
        "b33",
      ],
      pos: [
        12,
        14,
      ],
    },
    {
      answerCnadidatesMut: [
        3,
        5,
        6,
        10,
        15,
      ],
      answerMut: undefined,
      groups: [
        "v13",
        "h14",
        "b33",
      ],
      pos: [
        13,
        14,
      ],
    },
    {
      answerCnadidatesMut: [
        5,
        6,
        7,
        8,
        9,
        10,
      ],
      answerMut: undefined,
      groups: [
        "v14",
        "h14",
        "b33",
      ],
      pos: [
        14,
        14,
      ],
    },
    {
      answerCnadidatesMut: [
        2,
      ],
      answerMut: 2,
      groups: [
        "v15",
        "h14",
        "b33",
      ],
      pos: [
        15,
        14,
      ],
    },
    {
      answerCnadidatesMut: [
        1,
      ],
      answerMut: 1,
      groups: [
        "v0",
        "h15",
        "b03",
      ],
      pos: [
        0,
        15,
      ],
    },
    {
      answerCnadidatesMut: [
        13,
      ],
      answerMut: 13,
      groups: [
        "v1",
        "h15",
        "b03",
      ],
      pos: [
        1,
        15,
      ],
    },
    {
      answerCnadidatesMut: [
        2,
      ],
      answerMut: 2,
      groups: [
        "v2",
        "h15",
        "b03",
      ],
      pos: [
        2,
        15,
      ],
    },
    {
      answerCnadidatesMut: [
        9,
      ],
      answerMut: 9,
      groups: [
        "v3",
        "h15",
        "b03",
      ],
      pos: [
        3,
        15,
      ],
    },
    {
      answerCnadidatesMut: [
        8,
      ],
      answerMut: 8,
      groups: [
        "v4",
        "h15",
        "b13",
      ],
      pos: [
        4,
        15,
      ],
    },
    {
      answerCnadidatesMut: [
        0,
        3,
        5,
        7,
        11,
      ],
      answerMut: undefined,
      groups: [
        "v5",
        "h15",
        "b13",
      ],
      pos: [
        5,
        15,
      ],
    },
    {
      answerCnadidatesMut: [
        0,
        5,
        11,
        14,
      ],
      answerMut: undefined,
      groups: [
        "v6",
        "h15",
        "b13",
      ],
      pos: [
        6,
        15,
      ],
    },
    {
      answerCnadidatesMut: [
        6,
      ],
      answerMut: 6,
      groups: [
        "v7",
        "h15",
        "b13",
      ],
      pos: [
        7,
        15,
      ],
    },
    {
      answerCnadidatesMut: [
        10,
      ],
      answerMut: 10,
      groups: [
        "v8",
        "h15",
        "b23",
      ],
      pos: [
        8,
        15,
      ],
    },
    {
      answerCnadidatesMut: [
        12,
      ],
      answerMut: 12,
      groups: [
        "v9",
        "h15",
        "b23",
      ],
      pos: [
        9,
        15,
      ],
    },
    {
      answerCnadidatesMut: [
        15,
      ],
      answerMut: 15,
      groups: [
        "v10",
        "h15",
        "b23",
      ],
      pos: [
        10,
        15,
      ],
    },
    {
      answerCnadidatesMut: [
        0,
        7,
        11,
      ],
      answerMut: undefined,
      groups: [
        "v11",
        "h15",
        "b23",
      ],
      pos: [
        11,
        15,
      ],
    },
    {
      answerCnadidatesMut: [
        4,
        7,
        11,
        14,
      ],
      answerMut: undefined,
      groups: [
        "v12",
        "h15",
        "b33",
      ],
      pos: [
        12,
        15,
      ],
    },
    {
      answerCnadidatesMut: [
        3,
        4,
        5,
        11,
      ],
      answerMut: undefined,
      groups: [
        "v13",
        "h15",
        "b33",
      ],
      pos: [
        13,
        15,
      ],
    },
    {
      answerCnadidatesMut: [
        5,
        7,
        14,
      ],
      answerMut: undefined,
      groups: [
        "v14",
        "h15",
        "b33",
      ],
      pos: [
        14,
        15,
      ],
    },
    {
      answerCnadidatesMut: [
        3,
        5,
        7,
        11,
      ],
      answerMut: undefined,
      groups: [
        "v15",
        "h15",
        "b33",
      ],
      pos: [
        15,
        15,
      ],
    },
  ],
  status: "success",
}
`;

snapshot[`puzzle_2_3 1`] = `
{
  cells: [
    {
      answerCnadidatesMut: [
        0,
      ],
      answerMut: undefined,
      groups: [
        "v0",
        "h0",
        "b00",
      ],
      pos: [
        0,
        0,
      ],
    },
    {
      answerCnadidatesMut: [
        2,
      ],
      answerMut: 2,
      groups: [
        "v1",
        "h0",
        "b00",
      ],
      pos: [
        1,
        0,
      ],
    },
    {
      answerCnadidatesMut: [
        1,
      ],
      answerMut: undefined,
      groups: [
        "v2",
        "h0",
        "b10",
      ],
      pos: [
        2,
        0,
      ],
    },
    {
      answerCnadidatesMut: [
        4,
      ],
      answerMut: 4,
      groups: [
        "v3",
        "h0",
        "b10",
      ],
      pos: [
        3,
        0,
      ],
    },
    {
      answerCnadidatesMut: [
        3,
      ],
      answerMut: 3,
      groups: [
        "v4",
        "h0",
        "b20",
      ],
      pos: [
        4,
        0,
      ],
    },
    {
      answerCnadidatesMut: [
        5,
      ],
      answerMut: 5,
      groups: [
        "v5",
        "h0",
        "b20",
      ],
      pos: [
        5,
        0,
      ],
    },
    {
      answerCnadidatesMut: [
        4,
      ],
      answerMut: 4,
      groups: [
        "v0",
        "h1",
        "b00",
      ],
      pos: [
        0,
        1,
      ],
    },
    {
      answerCnadidatesMut: [
        5,
      ],
      answerMut: undefined,
      groups: [
        "v1",
        "h1",
        "b00",
      ],
      pos: [
        1,
        1,
      ],
    },
    {
      answerCnadidatesMut: [
        3,
      ],
      answerMut: undefined,
      groups: [
        "v2",
        "h1",
        "b10",
      ],
      pos: [
        2,
        1,
      ],
    },
    {
      answerCnadidatesMut: [
        0,
      ],
      answerMut: undefined,
      groups: [
        "v3",
        "h1",
        "b10",
      ],
      pos: [
        3,
        1,
      ],
    },
    {
      answerCnadidatesMut: [
        0,
      ],
      answerMut: undefined,
      groups: [
        "v4",
        "h1",
        "b20",
      ],
      pos: [
        4,
        1,
      ],
    },
    {
      answerCnadidatesMut: [
        1,
      ],
      answerMut: 1,
      groups: [
        "v5",
        "h1",
        "b20",
      ],
      pos: [
        5,
        1,
      ],
    },
    {
      answerCnadidatesMut: [
        3,
      ],
      answerMut: 3,
      groups: [
        "v0",
        "h2",
        "b00",
      ],
      pos: [
        0,
        2,
      ],
    },
    {
      answerCnadidatesMut: [
        5,
      ],
      answerMut: undefined,
      groups: [
        "v1",
        "h2",
        "b00",
      ],
      pos: [
        1,
        2,
      ],
    },
    {
      answerCnadidatesMut: [
        5,
      ],
      answerMut: undefined,
      groups: [
        "v2",
        "h2",
        "b10",
      ],
      pos: [
        2,
        2,
      ],
    },
    {
      answerCnadidatesMut: [
        2,
      ],
      answerMut: 2,
      groups: [
        "v3",
        "h2",
        "b10",
      ],
      pos: [
        3,
        2,
      ],
    },
    {
      answerCnadidatesMut: [
        4,
      ],
      answerMut: undefined,
      groups: [
        "v4",
        "h2",
        "b20",
      ],
      pos: [
        4,
        2,
      ],
    },
    {
      answerCnadidatesMut: [
        0,
      ],
      answerMut: undefined,
      groups: [
        "v5",
        "h2",
        "b20",
      ],
      pos: [
        5,
        2,
      ],
    },
    {
      answerCnadidatesMut: [
        2,
      ],
      answerMut: undefined,
      groups: [
        "v0",
        "h3",
        "b01",
      ],
      pos: [
        0,
        3,
      ],
    },
    {
      answerCnadidatesMut: [
        1,
      ],
      answerMut: 1,
      groups: [
        "v1",
        "h3",
        "b01",
      ],
      pos: [
        1,
        3,
      ],
    },
    {
      answerCnadidatesMut: [
        0,
      ],
      answerMut: 0,
      groups: [
        "v2",
        "h3",
        "b11",
      ],
      pos: [
        2,
        3,
      ],
    },
    {
      answerCnadidatesMut: [
        5,
      ],
      answerMut: undefined,
      groups: [
        "v3",
        "h3",
        "b11",
      ],
      pos: [
        3,
        3,
      ],
    },
    {
      answerCnadidatesMut: [],
      answerMut: undefined,
      groups: [
        "v4",
        "h3",
        "b21",
      ],
      pos: [
        4,
        3,
      ],
    },
    {
      answerCnadidatesMut: [],
      answerMut: undefined,
      groups: [
        "v5",
        "h3",
        "b21",
      ],
      pos: [
        5,
        3,
      ],
    },
    {
      answerCnadidatesMut: [
        5,
      ],
      answerMut: undefined,
      groups: [
        "v0",
        "h4",
        "b01",
      ],
      pos: [
        0,
        4,
      ],
    },
    {
      answerCnadidatesMut: [
        3,
      ],
      answerMut: undefined,
      groups: [
        "v1",
        "h4",
        "b01",
      ],
      pos: [
        1,
        4,
      ],
    },
    {
      answerCnadidatesMut: [
        2,
      ],
      answerMut: 2,
      groups: [
        "v2",
        "h4",
        "b11",
      ],
      pos: [
        2,
        4,
      ],
    },
    {
      answerCnadidatesMut: [
        1,
      ],
      answerMut: undefined,
      groups: [
        "v3",
        "h4",
        "b11",
      ],
      pos: [
        3,
        4,
      ],
    },
    {
      answerCnadidatesMut: [
        1,
      ],
      answerMut: undefined,
      groups: [
        "v4",
        "h4",
        "b21",
      ],
      pos: [
        4,
        4,
      ],
    },
    {
      answerCnadidatesMut: [
        4,
      ],
      answerMut: 4,
      groups: [
        "v5",
        "h4",
        "b21",
      ],
      pos: [
        5,
        4,
      ],
    },
    {
      answerCnadidatesMut: [
        2,
      ],
      answerMut: undefined,
      groups: [
        "v0",
        "h5",
        "b01",
      ],
      pos: [
        0,
        5,
      ],
    },
    {
      answerCnadidatesMut: [
        0,
      ],
      answerMut: 0,
      groups: [
        "v1",
        "h5",
        "b01",
      ],
      pos: [
        1,
        5,
      ],
    },
    {
      answerCnadidatesMut: [
        4,
      ],
      answerMut: 4,
      groups: [
        "v2",
        "h5",
        "b11",
      ],
      pos: [
        2,
        5,
      ],
    },
    {
      answerCnadidatesMut: [
        3,
      ],
      answerMut: undefined,
      groups: [
        "v3",
        "h5",
        "b11",
      ],
      pos: [
        3,
        5,
      ],
    },
    {
      answerCnadidatesMut: [
        5,
      ],
      answerMut: 5,
      groups: [
        "v4",
        "h5",
        "b21",
      ],
      pos: [
        4,
        5,
      ],
    },
    {
      answerCnadidatesMut: [],
      answerMut: undefined,
      groups: [
        "v5",
        "h5",
        "b21",
      ],
      pos: [
        5,
        5,
      ],
    },
  ],
  status: "success",
}
`;
